*** Using Compiler 'V5.06 update 7 (build 960)', folder: 'D:\Keil5\ARM\ARMCC\Bin'
Build target 'TCP_Cam'
assembling startup_stm32f407xx.s...
compiling can.c...
compiling i2c.c...
compiling adc.c...
compiling rtc.c...
compiling dma.c...
compiling sdio.c...
compiling spi.c...
compiling iwdg.c...
compiling gpio.c...
compiling freertos.c...
compiling main.c...
compiling tim.c...
compiling usb_otg.c...
compiling usart.c...
compiling stm32f4xx_it.c...
compiling stm32f4xx_hal_msp.c...
compiling fatfs.c...
compiling diskio.c...
compiling sd_diskio.c...
compiling syscall.c...
compiling ff_gen_drv.c...
compiling ff.c...
compiling wifi_at.c...
compiling wifi_api.c...
compiling cz_log.c...
compiling wifi_data.c...
compiling cz_sysInfo.c...
compiling cc936.c...
linking...
Program Size: Code=43180 RO-data=648 RW-data=224 ZI-data=71736  
FromELF: creating hex file...
After Build - User command #1: D:\Keil5\ARM\ARMCC\bin\fromelf.exe --bin --output ./Output/TCP_Cam.bin ./TCP_Cam/TCP_Cam.axf
"TCP_Cam\TCP_Cam.axf" - 0 Error(s), 0 Warning(s).
Build Time Elapsed:  00:00:39
